// Jest Snapshot v1, https://goo.gl/fbAQLP

exports[`Product Component should match the snapshot 1`] = `
<DocumentFragment>
  <img
    alt="Heather Taylor Home Gingham & Stripe Bath Towels"
    class="makeStyles-image-3"
    src="https://assets.weimgs.com/weimgs/rk/images/wcm/products/202116/0258/heather-taylor-home-gingham-stripe-bath-towel-2-m.jpg"
  />
  <div
    class="MuiGridListTileBar-root MuiGridListTileBar-titlePositionBottom MuiGridListTileBar-rootSubtitle"
  >
    <div
      class="MuiGridListTileBar-titleWrap MuiGridListTileBar-titleWrapActionPosRight"
    >
      <div
        class="MuiGridListTileBar-title"
      >
        Heather Taylor Home Gingham & Stripe Bath Towels
      </div>
      <div
        class="MuiGridListTileBar-subtitle"
      >
        <span>
          $24.5 - $34.5
        </span>
      </div>
    </div>
    <div
      class="MuiGridListTileBar-actionIcon"
    >
      <button
        aria-label="info about Heather Taylor Home Gingham & Stripe Bath Towels"
        class="MuiButtonBase-root MuiIconButton-root makeStyles-icon-1"
        tabindex="0"
        type="button"
      >
        <span
          class="MuiIconButton-label"
        >
          <svg
            aria-hidden="true"
            class="MuiSvgIcon-root"
            focusable="false"
            viewBox="0 0 24 24"
          >
            <path
              d="M12 2C6.48 2 2 6.48 2 12s4.48 10 10 10 10-4.48 10-10S17.52 2 12 2zm1 15h-2v-6h2v6zm0-8h-2V7h2v2z"
            />
          </svg>
        </span>
        <span
          class="MuiTouchRipple-root"
        />
      </button>
    </div>
  </div>
</DocumentFragment>
`;
